{
    "bypass": [
        {
            "g": "10:00"
        },
        {
            "b": "10:40"
        },
        {
            "a": "10:52"
        },
        {
            "d": "11:20"
        },
        {
            "c": "11:37"
        },
        {
            "e": "11:47"
        },
        {
            "f": "11:55"
        },
        {
            "g": "12:01"
        }
    ]
}